// Jest Snapshot v1, https://goo.gl/fbAQLP

exports[`Primer test para componentes Debe retornar OK 1`] = `
<div
  className="card"
>
  <img
    alt="Goku"
    src="https://static.t13.cl/images/original/2019/05/1557689182-goku.jpg"
  />
  <p
    style={
      Object {
        "maxWidth": "undefinedpx",
      }
    }
  >
     
    Goku
  </p>
</div>
`;
